
> eruditio_1.2@0.1.0 test
> react-scripts test

node.exe : FAIL 
src/App.test.js
At C:\Program Files\n
odejs\npm.ps1:29 
char:3
+   & $NODE_EXE 
$NPM_CLI_JS $args
+   ~~~~~~~~~~~~~~~~~
~~~~~~~~~~~~
    + CategoryInfo   
           : NotSpe  
  cified: (FAIL sr   
 c/App.test.js:St    
ring) [], Remote    
Exception
    + FullyQualified 
   ErrorId : Native  
  CommandError
 
  ΓùÅ Test suite 
failed to run

    Jest encountered 
an unexpected token

    Jest failed to 
parse a file. This 
happens e.g. when 
your code or its 
dependencies use 
non-standard 
JavaScript syntax, 
or when Jest is not 
configured to 
support such syntax.

    Out of the box 
Jest supports Babel, 
which will be used 
to transform your 
files into valid JS 
based on your Babel 
configuration.

    By default 
"node_modules" 
folder is ignored by 
transformers.

    Here's what you 
can do:
     ΓÇó If you are 
trying to use 
ECMAScript Modules, 
see https://jestjs.io
/docs/ecmascript-modu
les for how to 
enable it.
     ΓÇó If you are 
trying to use 
TypeScript, see https
://jestjs.io/docs/get
ting-started#using-ty
pescript
     ΓÇó To have 
some of your 
"node_modules" files 
transformed, you can 
specify a custom "tra
nsformIgnorePatterns"
 in your config.
     ΓÇó If you need 
a custom 
transformation 
specify a 
"transform" option 
in your config.
     ΓÇó If you 
simply want to mock 
your non-JS modules 
(e.g. binary assets) 
you can stub them 
out with the 
"moduleNameMapper" 
config option.

    You'll find more 
details and examples 
of these config 
options in the docs:
    https://jestjs.io
/docs/configuration
    For information 
about custom 
transformations, see:
    https://jestjs.io
/docs/code-transforma
tion

    Details:

    X:\desgin\Eruditi
o-main\node_modules\a
xios\index.js:1
    ({"Object.<anonym
ous>":function(module
,exports,require,__di
rname,__filename,jest
){import axios from 
'./lib/axios.js';
                     
                     
                     
                     
  ^^^^^^

    SyntaxError: 
Cannot use import 
statement outside a 
module

    [0m [90m 3 
|[39m 
[36mimport[39m { 
useState } 
[36mfrom[39m 
[32m"react"[39m
     [90m 4 |[39m 
[36mimport[39m { [
33mLink[39m[33m,[3
9m useNavigate } 
[36mfrom[39m [32m"
react-router-dom"[39
m
    [31m[1m>[22m[
39m[90m 5 |[39m 
[36mimport[39m 
axios [36mfrom[39m 
[32m"axios"[39m
     [90m   |[39m 
[31m[1m^[22m[39m
     [90m 6 |[39m 
[36mimport[39m [32
m"./SignUp.css"[39m
     [90m 7 |[39m
     [90m 8 |[39m 
[36mconst[39m 
[33mSignup[39m 
[33m=[39m () 
[33m=>[39m {[0m

      at Runtime.crea
teScriptFromCode (nod
e_modules/jest-runtim
e/build/index.js:1728
:14)
      at 
Object.<anonymous> (s
rc/Components/SignUp/
Signup.jsx:5:1)
      at 
Object.<anonymous> 
(src/App.js:5:1)
      at 
Object.<anonymous> (s
rc/App.test.js:17:1)
      at TestSchedule
r.scheduleTests (node
_modules/@jest/core/b
uild/TestScheduler.js
:333:13)
      at runJest (nod
e_modules/@jest/core/
build/runJest.js:404:
19)

Test Suites: 1 
failed, 1 total
Tests:       0 total
Snapshots:   0 total
Time:        2.514 s
Ran all test suites.

(node:15028) 
[DEP0040] 
DeprecationWarning: 
The `punycode` 
module is 
deprecated. Please 
use a userland 
alternative instead.
(Use `node 
--trace-deprecation 
...` to show where 
the warning was 
created)
FAIL src/App.test.js
  ΓùÅ Test suite 
failed to run

    Jest encountered 
an unexpected token

    Jest failed to 
parse a file. This 
happens e.g. when 
your code or its 
dependencies use 
non-standard 
JavaScript syntax, 
or when Jest is not 
configured to 
support such syntax.

    Out of the box 
Jest supports Babel, 
which will be used 
to transform your 
files into valid JS 
based on your Babel 
configuration.

    By default 
"node_modules" 
folder is ignored by 
transformers.

    Here's what you 
can do:
     ΓÇó If you are 
trying to use 
ECMAScript Modules, 
see https://jestjs.io
/docs/ecmascript-modu
les for how to 
enable it.
     ΓÇó If you are 
trying to use 
TypeScript, see https
://jestjs.io/docs/get
ting-started#using-ty
pescript
     ΓÇó To have 
some of your 
"node_modules" files 
transformed, you can 
specify a custom "tra
nsformIgnorePatterns"
 in your config.
     ΓÇó If you need 
a custom 
transformation 
specify a 
"transform" option 
in your config.
     ΓÇó If you 
simply want to mock 
your non-JS modules 
(e.g. binary assets) 
you can stub them 
out with the 
"moduleNameMapper" 
config option.

    You'll find more 
details and examples 
of these config 
options in the docs:
    https://jestjs.io
/docs/configuration
    For information 
about custom 
transformations, see:
    https://jestjs.io
/docs/code-transforma
tion

    Details:

    X:\desgin\Eruditi
o-main\node_modules\a
xios\index.js:1
    ({"Object.<anonym
ous>":function(module
,exports,require,__di
rname,__filename,jest
){import axios from 
'./lib/axios.js';
                     
                     
                     
                     
  ^^^^^^

    SyntaxError: 
Cannot use import 
statement outside a 
module

    [0m [90m 3 
|[39m 
[36mimport[39m { 
useState } 
[36mfrom[39m 
[32m"react"[39m
     [90m 4 |[39m 
[36mimport[39m { [
33mLink[39m[33m,[3
9m useNavigate } 
[36mfrom[39m [32m"
react-router-dom"[39
m
    [31m[1m>[22m[
39m[90m 5 |[39m 
[36mimport[39m 
axios [36mfrom[39m 
[32m"axios"[39m
     [90m   |[39m 
[31m[1m^[22m[39m
     [90m 6 |[39m 
[36mimport[39m [32
m"./SignUp.css"[39m
     [90m 7 |[39m
     [90m 8 |[39m 
[36mconst[39m 
[33mSignup[39m 
[33m=[39m () 
[33m=>[39m {[0m

      at Runtime.crea
teScriptFromCode (nod
e_modules/jest-runtim
e/build/index.js:1728
:14)
      at 
Object.<anonymous> (s
rc/Components/SignUp/
Signup.jsx:5:1)
      at 
Object.<anonymous> 
(src/App.js:5:1)
      at 
Object.<anonymous> (s
rc/App.test.js:17:1)

(node:11868) 
[DEP0040] 
DeprecationWarning: 
The `punycode` 
module is 
deprecated. Please 
use a userland 
alternative instead.
(Use `node 
--trace-deprecation 
...` to show where 
the warning was 
created)
(node:3392) 
[DEP0040] 
DeprecationWarning: 
The `punycode` 
module is 
deprecated. Please 
use a userland 
alternative instead.
(Use `node 
--trace-deprecation 
...` to show where 
the warning was 
created)
PASS 
src/Simple.test.js
A worker process has 
failed to exit 
gracefully and has 
been force exited. 
This is likely 
caused by tests 
leaking due to 
improper teardown. 
Try running with 
--detectOpenHandles 
to find leaks. 
Active timers can 
also cause this, 
ensure that .unref() 
was called on them.

Test Suites: 1 
failed, 1 passed, 2 
total
Tests:       1 
passed, 1 total
Snapshots:   0 total
Time:        9.983 s
Ran all test suites.

(node:20016) 
[DEP0040] 
DeprecationWarning: 
The `punycode` 
module is 
deprecated. Please 
use a userland 
alternative instead.
(Use `node 
--trace-deprecation 
...` to show where 
the warning was 
created)
PASS 
src/Simple.test.js
FAIL src/App.test.js
  ΓùÅ Test suite 
failed to run

    Jest encountered 
an unexpected token

    Jest failed to 
parse a file. This 
happens e.g. when 
your code or its 
dependencies use 
non-standard 
JavaScript syntax, 
or when Jest is not 
configured to 
support such syntax.

    Out of the box 
Jest supports Babel, 
which will be used 
to transform your 
files into valid JS 
based on your Babel 
configuration.

    By default 
"node_modules" 
folder is ignored by 
transformers.

    Here's what you 
can do:
     ΓÇó If you are 
trying to use 
ECMAScript Modules, 
see https://jestjs.io
/docs/ecmascript-modu
les for how to 
enable it.
     ΓÇó If you are 
trying to use 
TypeScript, see https
://jestjs.io/docs/get
ting-started#using-ty
pescript
     ΓÇó To have 
some of your 
"node_modules" files 
transformed, you can 
specify a custom "tra
nsformIgnorePatterns"
 in your config.
     ΓÇó If you need 
a custom 
transformation 
specify a 
"transform" option 
in your config.
     ΓÇó If you 
simply want to mock 
your non-JS modules 
(e.g. binary assets) 
you can stub them 
out with the 
"moduleNameMapper" 
config option.

    You'll find more 
details and examples 
of these config 
options in the docs:
    https://jestjs.io
/docs/configuration
    For information 
about custom 
transformations, see:
    https://jestjs.io
/docs/code-transforma
tion

    Details:

    X:\desgin\Eruditi
o-main\node_modules\a
xios\index.js:1
    ({"Object.<anonym
ous>":function(module
,exports,require,__di
rname,__filename,jest
){import axios from 
'./lib/axios.js';
                     
                     
                     
                     
  ^^^^^^

    SyntaxError: 
Cannot use import 
statement outside a 
module

    [0m [90m 3 
|[39m 
[36mimport[39m { 
useState } 
[36mfrom[39m 
[32m"react"[39m
     [90m 4 |[39m 
[36mimport[39m { [
33mLink[39m[33m,[3
9m useNavigate } 
[36mfrom[39m [32m"
react-router-dom"[39
m
    [31m[1m>[22m[
39m[90m 5 |[39m 
[36mimport[39m 
axios [36mfrom[39m 
[32m"axios"[39m
     [90m   |[39m 
[31m[1m^[22m[39m
     [90m 6 |[39m 
[36mimport[39m [32
m"./SignUp.css"[39m
     [90m 7 |[39m
     [90m 8 |[39m 
[36mconst[39m 
[33mSignup[39m 
[33m=[39m () 
[33m=>[39m {[0m

      at Runtime.crea
teScriptFromCode (nod
e_modules/jest-runtim
e/build/index.js:1728
:14)
      at 
Object.<anonymous> (s
rc/Components/SignUp/
Signup.jsx:5:1)
      at 
Object.<anonymous> 
(src/App.js:5:1)
      at 
Object.<anonymous> 
(src/App.test.js:6:1)

(node:8432) 
[DEP0040] 
DeprecationWarning: 
The `punycode` 
module is 
deprecated. Please 
use a userland 
alternative instead.
(Use `node 
--trace-deprecation 
...` to show where 
the warning was 
created)
A worker process has 
failed to exit 
gracefully and has 
been force exited. 
This is likely 
caused by tests 
leaking due to 
improper teardown. 
Try running with 
--detectOpenHandles 
to find leaks. 
Active timers can 
also cause this, 
ensure that .unref() 
was called on them.
Test Suites: 1 
failed, 1 passed, 2 
total
Tests:       1 
passed, 1 total
Snapshots:   0 total
Time:        10.884 s
Ran all test suites.

FAIL src/App.test.js
  ΓùÅ Test suite 
failed to run

    Jest encountered 
an unexpected token

    Jest failed to 
parse a file. This 
happens e.g. when 
your code or its 
dependencies use 
non-standard 
JavaScript syntax, 
or when Jest is not 
configured to 
support such syntax.

    Out of the box 
Jest supports Babel, 
which will be used 
to transform your 
files into valid JS 
based on your Babel 
configuration.

    By default 
"node_modules" 
folder is ignored by 
transformers.

    Here's what you 
can do:
     ΓÇó If you are 
trying to use 
ECMAScript Modules, 
see https://jestjs.io
/docs/ecmascript-modu
les for how to 
enable it.
     ΓÇó If you are 
trying to use 
TypeScript, see https
://jestjs.io/docs/get
ting-started#using-ty
pescript
     ΓÇó To have 
some of your 
"node_modules" files 
transformed, you can 
specify a custom "tra
nsformIgnorePatterns"
 in your config.
     ΓÇó If you need 
a custom 
transformation 
specify a 
"transform" option 
in your config.
     ΓÇó If you 
simply want to mock 
your non-JS modules 
(e.g. binary assets) 
you can stub them 
out with the 
"moduleNameMapper" 
config option.

    You'll find more 
details and examples 
of these config 
options in the docs:
    https://jestjs.io
/docs/configuration
    For information 
about custom 
transformations, see:
    https://jestjs.io
/docs/code-transforma
tion

    Details:

    X:\desgin\Eruditi
o-main\node_modules\a
xios\index.js:1
    ({"Object.<anonym
ous>":function(module
,exports,require,__di
rname,__filename,jest
){import axios from 
'./lib/axios.js';
                     
                     
                     
                     
  ^^^^^^

    SyntaxError: 
Cannot use import 
statement outside a 
module

    [0m [90m 3 
|[39m 
[36mimport[39m { 
useState } 
[36mfrom[39m 
[32m"react"[39m
     [90m 4 |[39m 
[36mimport[39m { [
33mLink[39m[33m,[3
9m useNavigate } 
[36mfrom[39m [32m"
react-router-dom"[39
m
    [31m[1m>[22m[
39m[90m 5 |[39m 
[36mimport[39m 
axios [36mfrom[39m 
[32m"axios"[39m
     [90m   |[39m 
[31m[1m^[22m[39m
     [90m 6 |[39m 
[36mimport[39m [32
m"./SignUp.css"[39m
     [90m 7 |[39m
     [90m 8 |[39m 
[36mconst[39m 
[33mSignup[39m 
[33m=[39m () 
[33m=>[39m {[0m

      at Runtime.crea
teScriptFromCode (nod
e_modules/jest-runtim
e/build/index.js:1728
:14)
      at 
Object.<anonymous> (s
rc/Components/SignUp/
Signup.jsx:5:1)
      at 
Object.<anonymous> 
(src/App.js:5:1)
      at 
Object.<anonymous> 
(src/App.test.js:6:4)
      at TestSchedule
r.scheduleTests (node
_modules/@jest/core/b
uild/TestScheduler.js
:333:13)
      at runJest (nod
e_modules/@jest/core/
build/runJest.js:404:
19)

Test Suites: 1 
failed, 1 total
Tests:       0 total
Snapshots:   0 total
Time:        4.847 s
Ran all test suites.

FAIL src/App.test.js
  ΓùÅ Test suite 
failed to run

    Jest encountered 
an unexpected token

    Jest failed to 
parse a file. This 
happens e.g. when 
your code or its 
dependencies use 
non-standard 
JavaScript syntax, 
or when Jest is not 
configured to 
support such syntax.

    Out of the box 
Jest supports Babel, 
which will be used 
to transform your 
files into valid JS 
based on your Babel 
configuration.

    By default 
"node_modules" 
folder is ignored by 
transformers.

    Here's what you 
can do:
     ΓÇó If you are 
trying to use 
ECMAScript Modules, 
see https://jestjs.io
/docs/ecmascript-modu
les for how to 
enable it.
     ΓÇó If you are 
trying to use 
TypeScript, see https
://jestjs.io/docs/get
ting-started#using-ty
pescript
     ΓÇó To have 
some of your 
"node_modules" files 
transformed, you can 
specify a custom "tra
nsformIgnorePatterns"
 in your config.
     ΓÇó If you need 
a custom 
transformation 
specify a 
"transform" option 
in your config.
     ΓÇó If you 
simply want to mock 
your non-JS modules 
(e.g. binary assets) 
you can stub them 
out with the 
"moduleNameMapper" 
config option.

    You'll find more 
details and examples 
of these config 
options in the docs:
    https://jestjs.io
/docs/configuration
    For information 
about custom 
transformations, see:
    https://jestjs.io
/docs/code-transforma
tion

    Details:

    X:\desgin\Eruditi
o-main\node_modules\a
xios\index.js:1
    ({"Object.<anonym
ous>":function(module
,exports,require,__di
rname,__filename,jest
){import axios from 
'./lib/axios.js';
                     
                     
                     
                     
  ^^^^^^

    SyntaxError: 
Cannot use import 
statement outside a 
module

    [0m [90m 3 
|[39m 
[36mimport[39m { 
useState } 
[36mfrom[39m 
[32m"react"[39m
     [90m 4 |[39m 
[36mimport[39m { [
33mLink[39m[33m,[3
9m useNavigate } 
[36mfrom[39m [32m"
react-router-dom"[39
m
    [31m[1m>[22m[
39m[90m 5 |[39m 
[36mimport[39m 
axios [36mfrom[39m 
[32m"axios"[39m
     [90m   |[39m 
[31m[1m^[22m[39m
     [90m 6 |[39m 
[36mimport[39m [32
m"./SignUp.css"[39m
     [90m 7 |[39m
     [90m 8 |[39m 
[36mconst[39m 
[33mSignup[39m 
[33m=[39m () 
[33m=>[39m {[0m

      at Runtime.crea
teScriptFromCode (nod
e_modules/jest-runtim
e/build/index.js:1728
:14)
      at 
Object.<anonymous> (s
rc/Components/SignUp/
Signup.jsx:5:1)
      at 
Object.<anonymous> 
(src/App.js:5:1)
      at 
Object.<anonymous> 
(src/App.test.js:6:4)
      at TestSchedule
r.scheduleTests (node
_modules/@jest/core/b
uild/TestScheduler.js
:333:13)
      at runJest (nod
e_modules/@jest/core/
build/runJest.js:404:
19)

Test Suites: 1 
failed, 1 total
Tests:       0 total
Snapshots:   0 total
Time:        5.084 s
Ran all test suites.

PASS src/App.test.js 
(9.147 s)
  ΓêÜ placeholder (3 
ms)

Test Suites: 1 
passed, 1 total
Tests:       1 
passed, 1 total
Snapshots:   0 total
Time:        9.254 s
Ran all test suites.

[0;33mOne of your 
dependencies, babel-p
reset-react-app, is 
importing the
"@babel/plugin-propos
al-private-property-i
n-object" package 
without
declaring it in its 
dependencies. This 
is currently working 
because
"@babel/plugin-propos
al-private-property-i
n-object" is already 
in your
node_modules folder 
for unrelated 
reasons, but it 
[1mmay break at any 
time[0;33m.

babel-preset-react-ap
p is part of the 
create-react-app 
project, [1mwhich
is not maintianed 
anymore[0;33m. It 
is thus unlikely 
that this bug will
ever be fixed. Add "@
babel/plugin-proposal
-private-property-in-
object" to
your devDependencies 
to work around this 
error. This will 
make this message
go away.[0m
  
(node:19572) 
[DEP0040] 
DeprecationWarning: 
The `punycode` 
module is 
deprecated. Please 
use a userland 
alternative instead.
(Use `node 
--trace-deprecation 
...` to show where 
the warning was 
created)
PASS src/App.test.js 
(6.79 s)
  ΓêÜ placeholder (2 
ms)

Test Suites: 1 
passed, 1 total
Tests:       1 
passed, 1 total
Snapshots:   0 total
Time:        18.08 s
Ran all test suites.

(node:23384) 
[DEP0040] 
DeprecationWarning: 
The `punycode` 
module is 
deprecated. Please 
use a userland 
alternative instead.
(Use `node 
--trace-deprecation 
...` to show where 
the warning was 
created)
PASS src/App.test.js 
(6.594 s)
  ΓêÜ placeholder (2 
ms)

Test Suites: 1 
passed, 1 total
Tests:       1 
passed, 1 total
Snapshots:   0 total
Time:        9.75 s
Ran all test suites.

(node:22820) 
[DEP0040] 
DeprecationWarning: 
The `punycode` 
module is 
deprecated. Please 
use a userland 
alternative instead.
(Use `node 
--trace-deprecation 
...` to show where 
the warning was 
created)
PASS src/App.test.js
  ΓêÜ placeholder (2 
ms)

Test Suites: 1 
passed, 1 total
Tests:       1 
passed, 1 total
Snapshots:   0 total
Time:        7.177 s
Ran all test suites.

(node:23360) 
[DEP0040] 
DeprecationWarning: 
The `punycode` 
module is 
deprecated. Please 
use a userland 
alternative instead.
(Use `node 
--trace-deprecation 
...` to show where 
the warning was 
created)
PASS src/App.test.js
  ΓêÜ placeholder (2 
ms)

Test Suites: 1 
passed, 1 total
Tests:       1 
passed, 1 total
Snapshots:   0 total
Time:        10.969 s
Ran all test suites.

(node:5668) 
[DEP0040] 
DeprecationWarning: 
The `punycode` 
module is 
deprecated. Please 
use a userland 
alternative instead.
(Use `node 
--trace-deprecation 
...` to show where 
the warning was 
created)
PASS src/App.test.js
  ΓêÜ placeholder (2 
ms)

Test Suites: 1 
passed, 1 total
Tests:       1 
passed, 1 total
Snapshots:   0 total
Time:        8.717 s
Ran all test suites.

(node:23384) 
[DEP0040] 
DeprecationWarning: 
The `punycode` 
module is 
deprecated. Please 
use a userland 
alternative instead.
(Use `node 
--trace-deprecation 
...` to show where 
the warning was 
created)
PASS src/App.test.js
  ΓêÜ placeholder (3 
ms)

Test Suites: 1 
passed, 1 total
Tests:       1 
passed, 1 total
Snapshots:   0 total
Time:        7.155 s
Ran all test suites.

(node:4936) 
[DEP0040] 
DeprecationWarning: 
The `punycode` 
module is 
deprecated. Please 
use a userland 
alternative instead.
(Use `node 
--trace-deprecation 
...` to show where 
the warning was 
created)
PASS src/App.test.js
  ΓêÜ placeholder (2 
ms)

Test Suites: 1 
passed, 1 total
Tests:       1 
passed, 1 total
Snapshots:   0 total
Time:        6.402 s
Ran all test suites.

(node:20804) 
[DEP0040] 
DeprecationWarning: 
The `punycode` 
module is 
deprecated. Please 
use a userland 
alternative instead.
(Use `node 
--trace-deprecation 
...` to show where 
the warning was 
created)
PASS src/App.test.js 
(15.503 s)
  ΓêÜ placeholder (7 
ms)

Test Suites: 1 
passed, 1 total
Tests:       1 
passed, 1 total
Snapshots:   0 total
Time:        26.018 s
Ran all test suites.

(node:19268) 
[DEP0040] 
DeprecationWarning: 
The `punycode` 
module is 
deprecated. Please 
use a userland 
alternative instead.
(Use `node 
--trace-deprecation 
...` to show where 
the warning was 
created)
PASS src/App.test.js 
(16.903 s)
  ΓêÜ placeholder (8 
ms)

Test Suites: 1 
passed, 1 total
Tests:       1 
passed, 1 total
Snapshots:   0 total
Time:        28.032 s
Ran all test suites.

(node:10392) 
[DEP0040] 
DeprecationWarning: 
The `punycode` 
module is 
deprecated. Please 
use a userland 
alternative instead.
(Use `node 
--trace-deprecation 
...` to show where 
the warning was 
created)
PASS src/App.test.js
  ΓêÜ placeholder (2 
ms)

Test Suites: 1 
passed, 1 total
Tests:       1 
passed, 1 total
Snapshots:   0 total
Time:        7.887 
s, estimated 17 s
Ran all test suites.

[Browserslist] Could 
not parse X:\desgin\E
ruditio-main\package.
json. Ignoring it.
[Browserslist] Could 
not parse X:\desgin\E
ruditio-main\package.
json. Ignoring it.
FAIL src/App.test.js
  ΓùÅ Test suite 
failed to run

    Jest encountered 
an unexpected token

    Jest failed to 
parse a file. This 
happens e.g. when 
your code or its 
dependencies use 
non-standard 
JavaScript syntax, 
or when Jest is not 
configured to 
support such syntax.

    Out of the box 
Jest supports Babel, 
which will be used 
to transform your 
files into valid JS 
based on your Babel 
configuration.

    By default 
"node_modules" 
folder is ignored by 
transformers.

    Here's what you 
can do:
     ΓÇó If you are 
trying to use 
ECMAScript Modules, 
see https://jestjs.io
/docs/ecmascript-modu
les for how to 
enable it.
     ΓÇó If you are 
trying to use 
TypeScript, see https
://jestjs.io/docs/get
ting-started#using-ty
pescript
     ΓÇó To have 
some of your 
"node_modules" files 
transformed, you can 
specify a custom "tra
nsformIgnorePatterns"
 in your config.
     ΓÇó If you need 
a custom 
transformation 
specify a 
"transform" option 
in your config.
     ΓÇó If you 
simply want to mock 
your non-JS modules 
(e.g. binary assets) 
you can stub them 
out with the 
"moduleNameMapper" 
config option.

    You'll find more 
details and examples 
of these config 
options in the docs:
    https://jestjs.io
/docs/configuration
    For information 
about custom 
transformations, see:
    https://jestjs.io
/docs/code-transforma
tion

    Details:

    SyntaxError: X:\d
esgin\Eruditio-main\s
rc\setupTests.js: 
Unexpected token 
(6:1)

    [0m [90m 4 
|[39m [90m// learn 
more: https://github.
com/testing-library/j
est-dom[39m
     [90m 5 |[39m 
[36mimport[39m [32
m'@testing-library/je
st-dom'[39m[33m;[3
9m
    [31m[1m>[22m[
39m[90m 6 |[39m [3
3m<<[39m[33m<<[39m
[33m<<[39m[33m<[3
9m [33mHEAD[39m
     [90m   |[39m  
[31m[1m^[22m[39m
     [90m 7 |[39m
     [90m 8 |[39m 
[90m// Mock 
libraries that are 
ESM-only or cause 
Jest issues[39m
     [90m 9 |[39m j
est[33m.[39mmock([
32m'lucide-react'[39
m[33m,[39m () 
[33m=>[39m ({[0m

      at 
toParseError (node_mo
dules/@babel/parser/s
rc/parse-error.ts:95:
45)
      at FlowParserMi
xin.raise (node_modul
es/@babel/parser/src/
tokenizer/index.ts:14
96:19)
      at FlowParserMi
xin.unexpected (node_
modules/@babel/parser
/src/tokenizer/index.
ts:1536:16)
      at FlowParserMi
xin.jsxParseIdentifie
r (node_modules/@babe
l/parser/src/plugins/
jsx/index.ts:271:14)
      at FlowParserMi
xin.jsxParseNamespace
dName (node_modules/@
babel/parser/src/plug
ins/jsx/index.ts:281:
25)
      at FlowParserMi
xin.jsxParseElementNa
me (node_modules/@bab
el/parser/src/plugins
/jsx/index.ts:299:14)
      at FlowParserMi
xin.jsxParseOpeningEl
ementAt (node_modules
/@babel/parser/src/pl
ugins/jsx/index.ts:42
2:24)
      at FlowParserMi
xin.jsxParseElementAt
 (node_modules/@babel
/parser/src/plugins/j
sx/index.ts:463:35)
      at FlowParserMi
xin.jsxParseElement (
node_modules/@babel/p
arser/src/plugins/jsx
/index.ts:552:19)
      at FlowParserMi
xin.parseExprAtom (no
de_modules/@babel/par
ser/src/plugins/jsx/i
ndex.ts:566:21)
      at FlowParserMi
xin.parseExprSubscrip
ts (node_modules/@bab
el/parser/src/parser/
expression.ts:709:23)
      at FlowParserMi
xin.parseUpdate (node
_modules/@babel/parse
r/src/parser/expressi
on.ts:688:21)
      at FlowParserMi
xin.parseMaybeUnary (
node_modules/@babel/p
arser/src/parser/expr
ession.ts:650:23)
      at FlowParserMi
xin.parseMaybeUnaryOr
Private (node_modules
/@babel/parser/src/pa
rser/expression.ts:38
9:14)
      at FlowParserMi
xin.parseExprOps (nod
e_modules/@babel/pars
er/src/parser/express
ion.ts:401:23)
      at FlowParserMi
xin.parseMaybeConditi
onal (node_modules/@b
abel/parser/src/parse
r/expression.ts:356:2
3)
      at FlowParserMi
xin.parseMaybeAssign 
(node_modules/@babel/
parser/src/parser/exp
ression.ts:298:21)
      at fn (node_mod
ules/@babel/parser/sr
c/plugins/flow/index.
ts:2937:23)
      at FlowParserMi
xin.tryParse (node_mo
dules/@babel/parser/s
rc/parser/util.ts:174
:20)
      at FlowParserMi
xin.parseMaybeAssign 
(node_modules/@babel/
parser/src/plugins/fl
ow/index.ts:2936:20)
      at FlowParserMi
xin.parseExpressionBa
se (node_modules/@bab
el/parser/src/parser/
expression.ts:221:23)
      at callback (no
de_modules/@babel/par
ser/src/parser/expres
sion.ts:212:39)
      at FlowParserMi
xin.allowInAnd (node_
modules/@babel/parser
/src/parser/expressio
n.ts:3111:16)
      at FlowParserMi
xin.parseExpression (
node_modules/@babel/p
arser/src/parser/expr
ession.ts:212:17)
      at FlowParserMi
xin.parseStatementCon
tent (node_modules/@b
abel/parser/src/parse
r/statement.ts:656:23
)
      at FlowParserMi
xin.parseStatementLik
e (node_modules/@babe
l/parser/src/parser/s
tatement.ts:437:17)
      at FlowParserMi
xin.parseStatementLik
e (node_modules/@babe
l/parser/src/plugins/
flow/index.ts:1958:26
)
      at FlowParserMi
xin.parseModuleItem (
node_modules/@babel/p
arser/src/parser/stat
ement.ts:374:17)
      at FlowParserMi
xin.parseBlockOrModul
eBlockBody (node_modu
les/@babel/parser/src
/parser/statement.ts:
1406:16)
      at FlowParserMi
xin.parseBlockBody (n
ode_modules/@babel/pa
rser/src/parser/state
ment.ts:1380:10)
      at FlowParserMi
xin.parseProgram (nod
e_modules/@babel/pars
er/src/parser/stateme
nt.ts:225:10)
      at FlowParserMi
xin.parseTopLevel (no
de_modules/@babel/par
ser/src/parser/statem
ent.ts:203:25)
      at FlowParserMi
xin.parseTopLevel (no
de_modules/@babel/par
ser/src/plugins/flow/
index.ts:3322:30)
      at FlowParserMi
xin.parse (node_modul
es/@babel/parser/src/
parser/index.ts:47:10
)
      at parse (node_
modules/@babel/parser
/src/index.ts:66:38)
      at parser (node
_modules/@babel/core/
src/parser/index.ts:2
8:19)
          at 
parser.next 
(<anonymous>)
      at 
normalizeFile (node_m
odules/@babel/core/sr
c/transformation/norm
alize-file.ts:50:24)
          at 
normalizeFile.next 
(<anonymous>)
      at run (node_mo
dules/@babel/core/src
/transformation/index
.ts:40:36)
          at 
run.next 
(<anonymous>)
      at transform (n
ode_modules/@babel/co
re/src/transform.ts:2
9:20)
          at 
transform.next 
(<anonymous>)
      at 
evaluateSync (node_mo
dules/gensync/index.j
s:251:28)
      at fn (node_mod
ules/gensync/index.js
:89:14)
      at stopHiding 
- secret - don't use 
this - v1 (node_modul
es/@babel/core/src/er
rors/rewrite-stack-tr
ace.ts:99:14)
      at 
transformSync (node_m
odules/@babel/core/sr
c/transform.ts:66:52)
      at ScriptTransf
ormer.transformSource
 (node_modules/@jest/
transform/build/Scrip
tTransformer.js:619:3
1)
      at ScriptTransf
ormer._transformAndBu
ildScript (node_modul
es/@jest/transform/bu
ild/ScriptTransformer
.js:765:40)

(node:24296) 
[DEP0040] 
DeprecationWarning: 
The `punycode` 
module is 
deprecated. Please 
use a userland 
alternative instead.
(Use `node 
--trace-deprecation 
...` to show where 
the warning was 
created)
A worker process has 
failed to exit 
gracefully and has 
been force exited. 
This is likely 
caused by tests 
leaking due to 
improper teardown. 
Try running with 
--detectOpenHandles 
to find leaks. 
Active timers can 
also cause this, 
ensure that .unref() 
was called on them.
Test Suites: 1 
failed, 1 total
Tests:       0 total
Snapshots:   0 total
Time:        7.888 s
Ran all test suites.

PASS src/App.test.js
  ΓêÜ placeholder

Test Suites: 1 
passed, 1 total
Tests:       1 
passed, 1 total
Snapshots:   0 total
Time:        1.93 s
Ran all test suites.

(node:21056) 
[DEP0040] 
DeprecationWarning: 
The `punycode` 
module is 
deprecated. Please 
use a userland 
alternative instead.
(Use `node 
--trace-deprecation 
...` to show where 
the warning was 
created)
PASS src/App.test.js
  ΓêÜ placeholder (5 
ms)

Test Suites: 1 
passed, 1 total
Tests:       1 
passed, 1 total
Snapshots:   0 total
Time:        6.221 s
Ran all test suites.

(node:25524) 
[DEP0040] 
DeprecationWarning: 
The `punycode` 
module is 
deprecated. Please 
use a userland 
alternative instead.
(Use `node 
--trace-deprecation 
...` to show where 
the warning was 
created)
PASS src/App.test.js 
(10.342 s)
  ΓêÜ placeholder (3 
ms)

Test Suites: 1 
passed, 1 total
Tests:       1 
passed, 1 total
Snapshots:   0 total
Time:        20.924 s
Ran all test suites.

(node:19848) 
[DEP0040] 
DeprecationWarning: 
The `punycode` 
module is 
deprecated. Please 
use a userland 
alternative instead.
(Use `node 
--trace-deprecation 
...` to show where 
the warning was 
created)
PASS src/App.test.js 
(7.245 s)
  ΓêÜ placeholder (3 
ms)

Test Suites: 1 
passed, 1 total
Tests:       1 
passed, 1 total
Snapshots:   0 total
Time:        15.6 s
Ran all test suites.

